// Jest Snapshot v1, https://goo.gl/fbAQLP

exports[`react-native-image-loader should render correctly 1`] = `
<View
  style={
    Array [
      Object {
        "backgroundColor": "#EEE",
        "borderRadius": 8,
        "height": 444.6666666666667,
        "overflow": "hidden",
        "width": 710,
      },
    ]
  }
>
  <View
    collapsable={false}
    style={
      Object {
        "backgroundColor": "#FFF",
        "bottom": 0,
        "elevation": 24,
        "left": 0,
        "opacity": 0.2,
        "position": "absolute",
        "right": 0,
        "shadowColor": "#FFF",
        "shadowOffset": Object {
          "height": 12,
          "width": 0,
        },
        "shadowOpacity": 0.58,
        "shadowRadius": 16,
        "top": 0,
        "transform": Array [
          Object {
            "translateX": -20,
          },
        ],
        "width": 75,
      }
    }
  />
  <Image
    collapsable={false}
    onLoadEnd={[Function]}
    source={
      Object {
        "uri": "",
      }
    }
    style={
      Object {
        "height": 100,
        "opacity": 0,
        "width": 60,
      }
    }
  />
</View>
`;
